nohup: ignorando entrada
Academic license - for non-commercial use only - expires 2027-06-08
Iniciando montagem do modelo...
Modelo montado. Iniciando otimização...
Gurobi Optimizer version 9.1.2 build v9.1.2rc0 (linux64)
Thread count: 20 physical cores, 40 logical processors, using up to 1 threads
Optimize a model with 428311956 rows, 715345 columns and 1283072640 nonzeros
Model fingerprint: 0x30906c96
Variable types: 0 continuous, 715345 integer (715344 binary)
Coefficient statistics:
  Matrix range     [1e+00, 1e+00]
  Objective range  [1e+00, 1e+00]
  Bounds range     [1e+00, 1e+00]
  RHS range        [1e+00, 2e+00]
Found heuristic solution: objective 600.0000000

Explored 0 nodes (0 simplex iterations) in 548.16 seconds
Thread count was 1 (of 40 available processors)

Solution count 1: 600 

Best objective 6.000000000000e+02, best bound -, gap -

--> Log ILP finalizado com status 'OUT_OF_MEMORY'
